1405323925.0 10.6.99.163 test1 10.203.44.5
1405323926.0 10.6.99.163 test1 10.203.44.5
1405323941.0 10.6.99.163 test1 210.75.65.219
1405323942.0 10.6.99.163 test1 210.75.65.219
1405323955.0 10.6.99.163 test1 www.baidu.com
1405323987.0 10.6.99.163 test1 10.203.44.5
